I'm sorry, but errors were detected in your script. Please correct the
errors listed below, and try again.


File "game/code/Function.rpy", line 10: invalid syntax
        renpy.show("white", at_list=[renpy.alpha = 0.2])
                                                  ^

Ren'Py Version: Ren'Py 8.3.2.24090902
Fri Dec  6 21:56:59 2024
